// Jest Snapshot v1, https://goo.gl/fbAQLP

exports[`Property Should render the component 1`] = `undefined`;
